src/components/laws-of-motion/LawCanvasBridge.tsx(4,33): error TS2307: Cannot find module '@/simulations/laws-of-motion/engines' or its corresponding type declarations.
src/components/MasteryMap.tsx(59,17): error TS2322: Type '{ value: number; className: string; indicatorClassName: string; }' is not assignable to type 'IntrinsicAttributes & Omit<ProgressProps & RefAttributes<HTMLDivElement>, "ref"> & RefAttributes<HTMLDivElement>'.
  Property 'indicatorClassName' does not exist on type 'IntrinsicAttributes & Omit<ProgressProps & RefAttributes<HTMLDivElement>, "ref"> & RefAttributes<HTMLDivElement>'.
src/components/MasteryMap.tsx(73,17): error TS2322: Type '{ value: number; className: string; indicatorClassName: string; }' is not assignable to type 'IntrinsicAttributes & Omit<ProgressProps & RefAttributes<HTMLDivElement>, "ref"> & RefAttributes<HTMLDivElement>'.
  Property 'indicatorClassName' does not exist on type 'IntrinsicAttributes & Omit<ProgressProps & RefAttributes<HTMLDivElement>, "ref"> & RefAttributes<HTMLDivElement>'.
src/components/SimulationCanvas.tsx(7,10): error TS2305: Module '"@/types/simulation"' has no exported member 'SimulationConfig'.
src/hooks/useSimulationGenerator.ts(6,10): error TS2305: Module '"@/types/simulation"' has no exported member 'SimulationConfig'.
src/services/simulationGenerator.ts(6,10): error TS2305: Module '"@/types/simulation"' has no exported member 'SimulationConfig'.
src/services/simulationGenerator.ts(6,28): error TS2305: Module '"@/types/simulation"' has no exported member 'validateSimulationConfig'.
src/simulations/ai-generator/engine.ts(6,10): error TS2305: Module '"@/types/simulation"' has no exported member 'SimulationConfig'.
src/simulations/ai-generator/engine.ts(6,28): error TS2305: Module '"@/types/simulation"' has no exported member 'PhysicsObject'.
src/simulations/ai-generator/renderer.ts(6,10): error TS2305: Module '"@/types/simulation"' has no exported member 'PhysicsObject'.
